2025-05-28 15:56:18,377 - sqlalchemy.engine.Engine - INFO - select pg_catalog.version()
2025-05-28 15:56:18,378 - sqlalchemy.engine.Engine - INFO - [raw sql] {}
2025-05-28 15:56:18,381 - sqlalchemy.engine.Engine - INFO - select current_schema()
2025-05-28 15:56:18,381 - sqlalchemy.engine.Engine - INFO - [raw sql] {}
2025-05-28 15:56:18,383 - sqlalchemy.engine.Engine - INFO - show standard_conforming_strings
2025-05-28 15:56:18,383 - sqlalchemy.engine.Engine - INFO - [raw sql] {}
2025-05-28 15:56:18,384 - app.models.database - INFO - Database connection successful
2025-05-28 15:56:18,385 - sqlalchemy.engine.Engine - INFO - BEGIN (implicit)
2025-05-28 15:56:18,389 - sqlalchemy.engine.Engine - INFO - SELECT pg_catalog.pg_class.relname 
FROM pg_catalog.pg_class JOIN pg_catalog.pg_namespace ON pg_catalog.pg_namespace.oid = pg_catalog.pg_class.relnamespace 
WHERE pg_catalog.pg_class.relname = %(table_name)s AND pg_catalog.pg_class.relkind = ANY (ARRAY[%(param_1)s, %(param_2)s, %(param_3)s, %(param_4)s, %(param_5)s]) AND pg_catalog.pg_table_is_visible(pg_catalog.pg_class.oid) AND pg_catalog.pg_namespace.nspname != %(nspname_1)s
2025-05-28 15:56:18,390 - sqlalchemy.engine.Engine - INFO - [generated in 0.00080s] {'table_name': 'participants', 'param_1': 'r', 'param_2': 'p', 'param_3': 'f', 'param_4': 'v', 'param_5': 'm', 'nspname_1': 'pg_catalog'}
2025-05-28 15:56:18,394 - sqlalchemy.engine.Engine - INFO - SELECT pg_catalog.pg_class.relname 
FROM pg_catalog.pg_class JOIN pg_catalog.pg_namespace ON pg_catalog.pg_namespace.oid = pg_catalog.pg_class.relnamespace 
WHERE pg_catalog.pg_class.relname = %(table_name)s AND pg_catalog.pg_class.relkind = ANY (ARRAY[%(param_1)s, %(param_2)s, %(param_3)s, %(param_4)s, %(param_5)s]) AND pg_catalog.pg_table_is_visible(pg_catalog.pg_class.oid) AND pg_catalog.pg_namespace.nspname != %(nspname_1)s
2025-05-28 15:56:18,395 - sqlalchemy.engine.Engine - INFO - [cached since 0.00615s ago] {'table_name': 'courses', 'param_1': 'r', 'param_2': 'p', 'param_3': 'f', 'param_4': 'v', 'param_5': 'm', 'nspname_1': 'pg_catalog'}
2025-05-28 15:56:18,396 - sqlalchemy.engine.Engine - INFO - SELECT pg_catalog.pg_class.relname 
FROM pg_catalog.pg_class JOIN pg_catalog.pg_namespace ON pg_catalog.pg_namespace.oid = pg_catalog.pg_class.relnamespace 
WHERE pg_catalog.pg_class.relname = %(table_name)s AND pg_catalog.pg_class.relkind = ANY (ARRAY[%(param_1)s, %(param_2)s, %(param_3)s, %(param_4)s, %(param_5)s]) AND pg_catalog.pg_table_is_visible(pg_catalog.pg_class.oid) AND pg_catalog.pg_namespace.nspname != %(nspname_1)s
2025-05-28 15:56:18,396 - sqlalchemy.engine.Engine - INFO - [cached since 0.007534s ago] {'table_name': 'modules', 'param_1': 'r', 'param_2': 'p', 'param_3': 'f', 'param_4': 'v', 'param_5': 'm', 'nspname_1': 'pg_catalog'}
2025-05-28 15:56:18,397 - sqlalchemy.engine.Engine - INFO - SELECT pg_catalog.pg_class.relname 
FROM pg_catalog.pg_class JOIN pg_catalog.pg_namespace ON pg_catalog.pg_namespace.oid = pg_catalog.pg_class.relnamespace 
WHERE pg_catalog.pg_class.relname = %(table_name)s AND pg_catalog.pg_class.relkind = ANY (ARRAY[%(param_1)s, %(param_2)s, %(param_3)s, %(param_4)s, %(param_5)s]) AND pg_catalog.pg_table_is_visible(pg_catalog.pg_class.oid) AND pg_catalog.pg_namespace.nspname != %(nspname_1)s
2025-05-28 15:56:18,397 - sqlalchemy.engine.Engine - INFO - [cached since 0.008779s ago] {'table_name': 'module_progressions', 'param_1': 'r', 'param_2': 'p', 'param_3': 'f', 'param_4': 'v', 'param_5': 'm', 'nspname_1': 'pg_catalog'}
2025-05-28 15:56:18,398 - sqlalchemy.engine.Engine - INFO - SELECT pg_catalog.pg_class.relname 
FROM pg_catalog.pg_class JOIN pg_catalog.pg_namespace ON pg_catalog.pg_namespace.oid = pg_catalog.pg_class.relnamespace 
WHERE pg_catalog.pg_class.relname = %(table_name)s AND pg_catalog.pg_class.relkind = ANY (ARRAY[%(param_1)s, %(param_2)s, %(param_3)s, %(param_4)s, %(param_5)s]) AND pg_catalog.pg_table_is_visible(pg_catalog.pg_class.oid) AND pg_catalog.pg_namespace.nspname != %(nspname_1)s
2025-05-28 15:56:18,399 - sqlalchemy.engine.Engine - INFO - [cached since 0.009856s ago] {'table_name': 'course_progressions', 'param_1': 'r', 'param_2': 'p', 'param_3': 'f', 'param_4': 'v', 'param_5': 'm', 'nspname_1': 'pg_catalog'}
2025-05-28 15:56:18,399 - sqlalchemy.engine.Engine - INFO - COMMIT
2025-05-28 15:56:18,400 - app.models.database - INFO - Database tables created successfully
2025-05-28 15:56:26,539 - app.api.routes.sync - INFO - Base URL: https://pro.dendreo.com/competences_et_metiers/api
2025-05-28 15:56:26,539 - app.api.routes.sync - INFO - API Key (first 10 chars): BaBVostSCz...
2025-05-28 15:56:26,540 - app.api.routes.sync - INFO - Testing URL: https://pro.dendreo.com/competences_et_metiers/api
2025-05-28 15:56:27,057 - app.api.routes.sync - INFO - Making request to Dendreo base API...
2025-05-28 15:56:27,280 - httpx - INFO - HTTP Request: GET https://pro.dendreo.com/competences_et_metiers/api "HTTP/1.1 302 Found"
2025-05-28 15:56:27,282 - app.api.routes.sync - INFO - Response status: 302
2025-05-28 15:56:27,282 - app.api.routes.sync - INFO - Response headers: {'date': 'Wed, 28 May 2025 13:56:24 GMT', 'content-type': 'text/html; charset=utf-8', 'transfer-encoding': 'chunked', 'connection': 'keep-alive', 'cache-control': 'no-store, no-cache, must-revalidate, no-cache, private', 'content-security-policy': "default-src  'self' https://sleekplan.com https://*.sleekplan.com; child-src    'self' https://sleekplan.com https://*.sleekplan.com; manifest-src 'self' https://www.google.com https://pay.google.com; object-src   'self' https://*.eu-west-3.amazonaws.com; media-src    'self' https://*.dendreo.com  https://*.eu-west-3.amazonaws.com https://*.helpscout.net https://files.slack.com https://play.vod2.infomaniak.com  https://blob.userflow.com https://cdn.userflow.com https://storage.googleapis.com/studio1-prod-blob/; font-src     'self' data: https://www.wedof.fr https://*.hotjar.com https://*.fontawesome.com https://cdnjs.cloudflare.com/ajax/libs/font-awesome/ https://github.com/ https://*.gstatic.com https://acsbapp.com https://conversations-widget.brevo.com https://*.sleekplan.com https://*.typekit.net https://fonts.bunny.net; img-src      'self' blob: data: www.googletagmanager.com https://*.hotjar.com https://* https://*.cloudfront.net https://*.dendreo.com  https://*.google-analytics.com https://*.googleapis.com https://*.gstatic.com https://*.helpscout.net https://*.stripe.com https://blob.userflow.com https://cdn.userflow.com https://js.userflow.com https://storage.googleapis.com/studio1-prod-blob/; frame-src    'self' blob: data: https://www.google.com https://pay.google.com https://*.doubleclick.net https://*.cookiebot.com https://*.dendreo.com  https://*.g.doubleclick.net https://*.eu-west-3.amazonaws.com https://*.whereby.com https://*.youtube.com https://player.vod2.infomaniak.com https://crowdin.com https://accounts.crowdin.com https://checkout.preprod.slimpay.com https://checkout.slimpay.net  https://checkout.stripe.com https://headway-widget.net https://hooks.stripe.com https://js.stripe.com https://editor.unlayer.com https://forms.hsforms.com https://plausible.io https://conversations-widget.brevo.com https://app.hubspot.com https://app.ideta.io https://*.luzmo.com/; frame-ancestors    'self' blob: data: https://www.google.com; connect-src  'self' https://www.google.com https://*.cloudflareaccess.com https://www.wedof.fr https://*.linkedin.com https://*.readspeaker.com https://*.cookiebot.com https://*.hotjar.com https://*.hotjar.io wss://*.hotjar.com https://*.g.doubleclick.net https://region1.analytics.google.com https://*.acsbapp.com https://*.cloudfront.net https://forms.hsforms.com https://hubspot-forms-static-embed.s3.amazonaws.com https://*.dendreo.com  https://*.eu-west-3.amazonaws.com https://*.google-analytics.com https://*.helpscout.net https://crowdin.com https://api.stripe.com https://checkout.stripe.com https://sentry.io https://translate.googleapis.com https://*.unlayer.com https://files.slack.com https://*.sleekplan.cloud https://sleekplan.com https://*.sleekplan.com https://acsbapp.com https://conversations-widget.brevo.com wss://*.dendreo.com https://*.pusher.com https://*.hubspot.com https://*.hs-banner.com https://*.hubapi.com https://*.hscollectedforms.net https://*.hsleadflows.net  https://cdn.userflow.com https://e.userflow.com https://js.userflow.com wss://e.userflow.com https://*.luzmo.com/; script-src   'self' 'unsafe-eval' 'unsafe-inline' https://www.google.com/recaptcha/api.js https://www.google.com/jsapi https://www.wedof.fr https://*.ads-twitter.com https://*.readspeaker.com/ https://*.licdn.com https://*.cookiebot.com https://*.hotjar.com https://www.googleadservices.com https://*.g.doubleclick.net https://www.googletagmanager.com https://js.hsforms.net/forms/embed/ https://*.acsbapp.com https://*.google-analytics.com https://*.googleapis.com https://*.googletagmanager.com https://*.gstatic.com https://*.headwayapp.co https://*.helpscout.net https://*.sentry-cdn.com https://*.whereby.com https://acsbapp.com https://conversations-widget.brevo.com https://cdn.crowdin.com https://cdn.jsdelivr.net https://checkout.stripe.com https://connect.facebook.net https://js.stripe.com https://unpkg.com https://editor.unlayer.com/embed.js https://*.dendreo.com  https://sleekplan.com https://*.sleekplan.com https://plausible.io https://*.plot.ly https://*.pusher.com https://*.jquery.com https://cdnjs.cloudflare.com/ajax/libs/react/ https://cdnjs.cloudflare.com/ajax/libs/react-dom/ https://cdnjs.cloudflare.com/ajax/libs/axios/ https://*.hs-scripts.com https://*.hsadspixel.net https://*.hs-banner.com https://*.hs-analytics.net https://*.hsadspixel.net https://*.usemessages.com https://*.hubspot.com https://*.hscollectedforms.net https://*.hsleadflows.net  https://cdn.userflow.com https://js.userflow.com https://*.luzmo.com/; style-src    'self' 'unsafe-inline' https://www.wedof.fr https://*.hotjar.com https://*.readspeaker.com https://*.fontawesome.com https://cdnjs.cloudflare.com/ajax/libs/font-awesome/ https://*.googleapis.com https://*.gstatic.com https://cdn.crowdin.com https://*.headwayapp.co https://*.dendreo.com  https://sleekplan.com https://*.sleekplan.com https://*.bootstrapcdn.com https://cdn.jsdelivr.net https://fonts.bunny.net  https://*.typekit.net  https://cdn.userflow.com https://js.userflow.com; worker-src   'self' blob:; report-uri   https://csp-report.browser-intake-datadoghq.com/api/v2/logs?dd-api-key=pub3c127028d77cf01ca21d8169eeb3fff2&dd-evp-origin=content-security-policy&ddsource=csp-report&ddtags=pro; report-to    browser-intake-datadoghq", 'expires': 'Thu, 19 Nov 1981 08:52:00 GMT', 'location': 'https://pro.dendreo.com/competences_et_metiers/login', 'permissions-policy': 'accelerometer=(), camera=*, fullscreen=*, gyroscope=(), magnetometer=(), microphone=*, midi=(), payment=*, picture-in-picture=*', 'pragma': 'no-cache', 'referrer-policy': 'strict-origin-when-cross-origin', 'report-to': '{"group": "browser-intake-datadoghq", "max_age": 10886400, "endpoints": [{"url": "https://csp-report.browser-intake-datadoghq.com/api/v2/logs?dd-api-key=pub3c127028d77cf01ca21d8169eeb3fff2&dd-evp-origin=content-security-policy&ddsource=csp-report&ddtags=pro"}]}', 'set-cookie': '__Secure-PHPSESSID=baea11174544578ef8b962f3f6a9dc68; expires=Thu, 29 May 2025 03:56:24 GMT; Max-Age=50400; path=/; secure; HttpOnly, __Secure-dendreo_session=eyJpdiI6ImRjMU1HZlBTSmwvZE1FVVZzQVZPenc9PSIsInZhbHVlIjoiMU9jQlYzREJiclphVlcwaWw2WHhUbFh4ZS9oWEhhQVVIYmYvQ2N0cDBMbElMMno1RG5Pamg4KzFjc3praGhnTFMxcE43VW5QaVh4a3FhTmtkVzlGQ09WY1RsaE95OW1wc0JDcTJEV085ZndBMW5mRDFmK1MvdjlkVFFWM1RPTHoiLCJtYWMiOiI5Nzg5ZjU3OTg1YTdiMGUwMDgyYjUyYjI3NGFmOGFkNjU3ZDA0MTkyOWFiY2M4MTNlNjg2ZGY1NzY1NGM4ZTY5IiwidGFnIjoiIn0%3D; expires=Sat, 07 Jun 2025 13:56:24 GMT; Max-Age=864000; path=/; domain=.dendreo.com; secure; httponly; samesite=lax', 'strict-transport-security': 'max-age=31536000; includeSubDomains', 'x-content-type-options': 'nosniff', 'x-frame-options': 'SAMEORIGIN', 'x-xss-protection': '1; mode=block', 'cf-cache-status': 'DYNAMIC', 'server': 'cloudflare', 'cf-ray': '946e4155edf2d135-CDG', 'server-timing': 'cfL4;desc="?proto=TCP&rtt=2971&min_rtt=2282&rtt_var=1348&sent=4&recv=6&lost=0&retrans=0&sent_bytes=2840&recv_bytes=788&delivery_rate=1279579&cwnd=218&unsent_bytes=0&cid=9d9a3fe56a97539e&ts=135&x=0"'}
2025-05-28 16:10:54,906 - sqlalchemy.engine.Engine - INFO - select pg_catalog.version()
2025-05-28 16:10:54,907 - sqlalchemy.engine.Engine - INFO - [raw sql] {}
2025-05-28 16:10:54,910 - sqlalchemy.engine.Engine - INFO - select current_schema()
2025-05-28 16:10:54,911 - sqlalchemy.engine.Engine - INFO - [raw sql] {}
2025-05-28 16:10:54,912 - sqlalchemy.engine.Engine - INFO - show standard_conforming_strings
2025-05-28 16:10:54,913 - sqlalchemy.engine.Engine - INFO - [raw sql] {}
2025-05-28 16:10:54,914 - app.models.database - INFO - Database connection successful
2025-05-28 16:10:54,915 - sqlalchemy.engine.Engine - INFO - BEGIN (implicit)
2025-05-28 16:10:54,920 - sqlalchemy.engine.Engine - INFO - SELECT pg_catalog.pg_class.relname 
FROM pg_catalog.pg_class JOIN pg_catalog.pg_namespace ON pg_catalog.pg_namespace.oid = pg_catalog.pg_class.relnamespace 
WHERE pg_catalog.pg_class.relname = %(table_name)s AND pg_catalog.pg_class.relkind = ANY (ARRAY[%(param_1)s, %(param_2)s, %(param_3)s, %(param_4)s, %(param_5)s]) AND pg_catalog.pg_table_is_visible(pg_catalog.pg_class.oid) AND pg_catalog.pg_namespace.nspname != %(nspname_1)s
2025-05-28 16:10:54,921 - sqlalchemy.engine.Engine - INFO - [generated in 0.00068s] {'table_name': 'participants', 'param_1': 'r', 'param_2': 'p', 'param_3': 'f', 'param_4': 'v', 'param_5': 'm', 'nspname_1': 'pg_catalog'}
2025-05-28 16:10:54,927 - sqlalchemy.engine.Engine - INFO - SELECT pg_catalog.pg_class.relname 
FROM pg_catalog.pg_class JOIN pg_catalog.pg_namespace ON pg_catalog.pg_namespace.oid = pg_catalog.pg_class.relnamespace 
WHERE pg_catalog.pg_class.relname = %(table_name)s AND pg_catalog.pg_class.relkind = ANY (ARRAY[%(param_1)s, %(param_2)s, %(param_3)s, %(param_4)s, %(param_5)s]) AND pg_catalog.pg_table_is_visible(pg_catalog.pg_class.oid) AND pg_catalog.pg_namespace.nspname != %(nspname_1)s
2025-05-28 16:10:54,927 - sqlalchemy.engine.Engine - INFO - [cached since 0.007473s ago] {'table_name': 'courses', 'param_1': 'r', 'param_2': 'p', 'param_3': 'f', 'param_4': 'v', 'param_5': 'm', 'nspname_1': 'pg_catalog'}
2025-05-28 16:10:54,928 - sqlalchemy.engine.Engine - INFO - SELECT pg_catalog.pg_class.relname 
FROM pg_catalog.pg_class JOIN pg_catalog.pg_namespace ON pg_catalog.pg_namespace.oid = pg_catalog.pg_class.relnamespace 
WHERE pg_catalog.pg_class.relname = %(table_name)s AND pg_catalog.pg_class.relkind = ANY (ARRAY[%(param_1)s, %(param_2)s, %(param_3)s, %(param_4)s, %(param_5)s]) AND pg_catalog.pg_table_is_visible(pg_catalog.pg_class.oid) AND pg_catalog.pg_namespace.nspname != %(nspname_1)s
2025-05-28 16:10:54,929 - sqlalchemy.engine.Engine - INFO - [cached since 0.008597s ago] {'table_name': 'modules', 'param_1': 'r', 'param_2': 'p', 'param_3': 'f', 'param_4': 'v', 'param_5': 'm', 'nspname_1': 'pg_catalog'}
2025-05-28 16:10:54,929 - sqlalchemy.engine.Engine - INFO - SELECT pg_catalog.pg_class.relname 
FROM pg_catalog.pg_class JOIN pg_catalog.pg_namespace ON pg_catalog.pg_namespace.oid = pg_catalog.pg_class.relnamespace 
WHERE pg_catalog.pg_class.relname = %(table_name)s AND pg_catalog.pg_class.relkind = ANY (ARRAY[%(param_1)s, %(param_2)s, %(param_3)s, %(param_4)s, %(param_5)s]) AND pg_catalog.pg_table_is_visible(pg_catalog.pg_class.oid) AND pg_catalog.pg_namespace.nspname != %(nspname_1)s
2025-05-28 16:10:54,930 - sqlalchemy.engine.Engine - INFO - [cached since 0.009895s ago] {'table_name': 'module_progressions', 'param_1': 'r', 'param_2': 'p', 'param_3': 'f', 'param_4': 'v', 'param_5': 'm', 'nspname_1': 'pg_catalog'}
2025-05-28 16:10:54,931 - sqlalchemy.engine.Engine - INFO - SELECT pg_catalog.pg_class.relname 
FROM pg_catalog.pg_class JOIN pg_catalog.pg_namespace ON pg_catalog.pg_namespace.oid = pg_catalog.pg_class.relnamespace 
WHERE pg_catalog.pg_class.relname = %(table_name)s AND pg_catalog.pg_class.relkind = ANY (ARRAY[%(param_1)s, %(param_2)s, %(param_3)s, %(param_4)s, %(param_5)s]) AND pg_catalog.pg_table_is_visible(pg_catalog.pg_class.oid) AND pg_catalog.pg_namespace.nspname != %(nspname_1)s
2025-05-28 16:10:54,932 - sqlalchemy.engine.Engine - INFO - [cached since 0.01185s ago] {'table_name': 'course_progressions', 'param_1': 'r', 'param_2': 'p', 'param_3': 'f', 'param_4': 'v', 'param_5': 'm', 'nspname_1': 'pg_catalog'}
2025-05-28 16:10:54,934 - sqlalchemy.engine.Engine - INFO - COMMIT
2025-05-28 16:10:54,936 - app.models.database - INFO - Database tables created successfully
2025-05-28 16:11:14,361 - app.api.routes.sync - INFO - Base URL: https://pro.dendreo.com/competences_et_metiers/api
2025-05-28 16:11:14,362 - app.api.routes.sync - INFO - API Key (first 10 chars): BaBVostSCz...
2025-05-28 16:11:14,362 - app.api.routes.sync - INFO - Testing URL: https://pro.dendreo.com/competences_et_metiers/api
2025-05-28 16:11:14,825 - app.api.routes.sync - INFO - Making request to Dendreo base API...
2025-05-28 16:11:14,948 - httpx - INFO - HTTP Request: GET https://pro.dendreo.com/competences_et_metiers/api "HTTP/1.1 302 Found"
2025-05-28 16:11:14,950 - app.api.routes.sync - INFO - Response status: 302
2025-05-28 16:11:14,950 - app.api.routes.sync - INFO - Response headers: {'date': 'Wed, 28 May 2025 14:11:14 GMT', 'content-type': 'text/html; charset=utf-8', 'transfer-encoding': 'chunked', 'connection': 'keep-alive', 'cache-control': 'no-store, no-cache, must-revalidate, no-cache, private', 'content-security-policy': "default-src  'self' https://sleekplan.com https://*.sleekplan.com; child-src    'self' https://sleekplan.com https://*.sleekplan.com; manifest-src 'self' https://www.google.com https://pay.google.com; object-src   'self' https://*.eu-west-3.amazonaws.com; media-src    'self' https://*.dendreo.com  https://*.eu-west-3.amazonaws.com https://*.helpscout.net https://files.slack.com https://play.vod2.infomaniak.com  https://blob.userflow.com https://cdn.userflow.com https://storage.googleapis.com/studio1-prod-blob/; font-src     'self' data: https://www.wedof.fr https://*.hotjar.com https://*.fontawesome.com https://cdnjs.cloudflare.com/ajax/libs/font-awesome/ https://github.com/ https://*.gstatic.com https://acsbapp.com https://conversations-widget.brevo.com https://*.sleekplan.com https://*.typekit.net https://fonts.bunny.net; img-src      'self' blob: data: www.googletagmanager.com https://*.hotjar.com https://* https://*.cloudfront.net https://*.dendreo.com  https://*.google-analytics.com https://*.googleapis.com https://*.gstatic.com https://*.helpscout.net https://*.stripe.com https://blob.userflow.com https://cdn.userflow.com https://js.userflow.com https://storage.googleapis.com/studio1-prod-blob/; frame-src    'self' blob: data: https://www.google.com https://pay.google.com https://*.doubleclick.net https://*.cookiebot.com https://*.dendreo.com  https://*.g.doubleclick.net https://*.eu-west-3.amazonaws.com https://*.whereby.com https://*.youtube.com https://player.vod2.infomaniak.com https://crowdin.com https://accounts.crowdin.com https://checkout.preprod.slimpay.com https://checkout.slimpay.net  https://checkout.stripe.com https://headway-widget.net https://hooks.stripe.com https://js.stripe.com https://editor.unlayer.com https://forms.hsforms.com https://plausible.io https://conversations-widget.brevo.com https://app.hubspot.com https://app.ideta.io https://*.luzmo.com/; frame-ancestors    'self' blob: data: https://www.google.com; connect-src  'self' https://www.google.com https://*.cloudflareaccess.com https://www.wedof.fr https://*.linkedin.com https://*.readspeaker.com https://*.cookiebot.com https://*.hotjar.com https://*.hotjar.io wss://*.hotjar.com https://*.g.doubleclick.net https://region1.analytics.google.com https://*.acsbapp.com https://*.cloudfront.net https://forms.hsforms.com https://hubspot-forms-static-embed.s3.amazonaws.com https://*.dendreo.com  https://*.eu-west-3.amazonaws.com https://*.google-analytics.com https://*.helpscout.net https://crowdin.com https://api.stripe.com https://checkout.stripe.com https://sentry.io https://translate.googleapis.com https://*.unlayer.com https://files.slack.com https://*.sleekplan.cloud https://sleekplan.com https://*.sleekplan.com https://acsbapp.com https://conversations-widget.brevo.com wss://*.dendreo.com https://*.pusher.com https://*.hubspot.com https://*.hs-banner.com https://*.hubapi.com https://*.hscollectedforms.net https://*.hsleadflows.net  https://cdn.userflow.com https://e.userflow.com https://js.userflow.com wss://e.userflow.com https://*.luzmo.com/; script-src   'self' 'unsafe-eval' 'unsafe-inline' https://www.google.com/recaptcha/api.js https://www.google.com/jsapi https://www.wedof.fr https://*.ads-twitter.com https://*.readspeaker.com/ https://*.licdn.com https://*.cookiebot.com https://*.hotjar.com https://www.googleadservices.com https://*.g.doubleclick.net https://www.googletagmanager.com https://js.hsforms.net/forms/embed/ https://*.acsbapp.com https://*.google-analytics.com https://*.googleapis.com https://*.googletagmanager.com https://*.gstatic.com https://*.headwayapp.co https://*.helpscout.net https://*.sentry-cdn.com https://*.whereby.com https://acsbapp.com https://conversations-widget.brevo.com https://cdn.crowdin.com https://cdn.jsdelivr.net https://checkout.stripe.com https://connect.facebook.net https://js.stripe.com https://unpkg.com https://editor.unlayer.com/embed.js https://*.dendreo.com  https://sleekplan.com https://*.sleekplan.com https://plausible.io https://*.plot.ly https://*.pusher.com https://*.jquery.com https://cdnjs.cloudflare.com/ajax/libs/react/ https://cdnjs.cloudflare.com/ajax/libs/react-dom/ https://cdnjs.cloudflare.com/ajax/libs/axios/ https://*.hs-scripts.com https://*.hsadspixel.net https://*.hs-banner.com https://*.hs-analytics.net https://*.hsadspixel.net https://*.usemessages.com https://*.hubspot.com https://*.hscollectedforms.net https://*.hsleadflows.net  https://cdn.userflow.com https://js.userflow.com https://*.luzmo.com/; style-src    'self' 'unsafe-inline' https://www.wedof.fr https://*.hotjar.com https://*.readspeaker.com https://*.fontawesome.com https://cdnjs.cloudflare.com/ajax/libs/font-awesome/ https://*.googleapis.com https://*.gstatic.com https://cdn.crowdin.com https://*.headwayapp.co https://*.dendreo.com  https://sleekplan.com https://*.sleekplan.com https://*.bootstrapcdn.com https://cdn.jsdelivr.net https://fonts.bunny.net  https://*.typekit.net  https://cdn.userflow.com https://js.userflow.com; worker-src   'self' blob:; report-uri   https://csp-report.browser-intake-datadoghq.com/api/v2/logs?dd-api-key=pub3c127028d77cf01ca21d8169eeb3fff2&dd-evp-origin=content-security-policy&ddsource=csp-report&ddtags=pro; report-to    browser-intake-datadoghq", 'expires': 'Thu, 19 Nov 1981 08:52:00 GMT', 'location': 'https://pro.dendreo.com/competences_et_metiers/login', 'permissions-policy': 'accelerometer=(), camera=*, fullscreen=*, gyroscope=(), magnetometer=(), microphone=*, midi=(), payment=*, picture-in-picture=*', 'pragma': 'no-cache', 'referrer-policy': 'strict-origin-when-cross-origin', 'report-to': '{"group": "browser-intake-datadoghq", "max_age": 10886400, "endpoints": [{"url": "https://csp-report.browser-intake-datadoghq.com/api/v2/logs?dd-api-key=pub3c127028d77cf01ca21d8169eeb3fff2&dd-evp-origin=content-security-policy&ddsource=csp-report&ddtags=pro"}]}', 'set-cookie': '__Secure-PHPSESSID=01860e57e380ebf288f711c1ca49d2b4; expires=Thu, 29 May 2025 04:11:14 GMT; Max-Age=50400; path=/; secure; HttpOnly, __Secure-dendreo_session=eyJpdiI6IjVjd2pZd1dpQmJ2VlBVZkxyQWdCYWc9PSIsInZhbHVlIjoidS9CUW53K1lqWE1MN0xqKys4anNuWVJhQXYyVFR6dm5pL2VLQmJrUDlCaFFLcVBnWmM2cUFCTzlEWXpydEo3SktYcEMzVkk3WDV6bmxCRHVHTHRjMGp5TXkyWG1CRmRpSWlhaVl3KzVjRlExZThDNWFQM2NpQ0JGMTRvZ0pBOUwiLCJtYWMiOiI2NzIwMWM3ZjQ4MmUzOGFlYTQ4NzE1NDBkYjZkOTNiM2E5YmYyOTAzM2VmMDcyY2YzNmRjOGEwMmY4OWM4NmU0IiwidGFnIjoiIn0%3D; expires=Sat, 07 Jun 2025 14:11:14 GMT; Max-Age=864000; path=/; domain=.dendreo.com; secure; httponly; samesite=lax', 'strict-transport-security': 'max-age=31536000; includeSubDomains', 'x-content-type-options': 'nosniff', 'x-frame-options': 'SAMEORIGIN', 'x-xss-protection': '1; mode=block', 'cf-cache-status': 'DYNAMIC', 'server': 'cloudflare', 'cf-ray': '946e5711f822d11d-CDG', 'server-timing': 'cfL4;desc="?proto=TCP&rtt=7289&min_rtt=2491&rtt_var=4034&sent=4&recv=6&lost=0&retrans=0&sent_bytes=2840&recv_bytes=788&delivery_rate=1172219&cwnd=234&unsent_bytes=0&cid=ecba7f92829f0000&ts=86&x=0"'}
2025-05-28 16:18:57,036 - watchfiles.main - INFO - 4 changes detected
2025-05-28 16:18:59,384 - watchfiles.main - INFO - 2 changes detected
2025-05-28 16:19:00,145 - watchfiles.main - INFO - 5 changes detected
2025-05-28 16:19:00,509 - watchfiles.main - INFO - 1 change detected
2025-05-28 16:19:04,421 - watchfiles.main - INFO - 1 change detected
2025-05-28 16:19:07,802 - watchfiles.main - INFO - 4 changes detected
2025-05-28 16:19:08,517 - watchfiles.main - INFO - 1 change detected
2025-05-28 16:19:09,231 - watchfiles.main - INFO - 5 changes detected
2025-05-28 16:19:09,588 - watchfiles.main - INFO - 1 change detected
2025-05-28 16:19:19,492 - sqlalchemy.engine.Engine - INFO - select pg_catalog.version()
2025-05-28 16:19:19,492 - sqlalchemy.engine.Engine - INFO - [raw sql] {}
2025-05-28 16:19:19,496 - sqlalchemy.engine.Engine - INFO - select current_schema()
2025-05-28 16:19:19,496 - sqlalchemy.engine.Engine - INFO - [raw sql] {}
2025-05-28 16:19:19,498 - sqlalchemy.engine.Engine - INFO - show standard_conforming_strings
2025-05-28 16:19:19,498 - sqlalchemy.engine.Engine - INFO - [raw sql] {}
2025-05-28 16:19:19,498 - app.models.database - INFO - Database connection successful
2025-05-28 16:19:19,499 - sqlalchemy.engine.Engine - INFO - BEGIN (implicit)
2025-05-28 16:19:19,502 - sqlalchemy.engine.Engine - INFO - SELECT pg_catalog.pg_class.relname 
FROM pg_catalog.pg_class JOIN pg_catalog.pg_namespace ON pg_catalog.pg_namespace.oid = pg_catalog.pg_class.relnamespace 
WHERE pg_catalog.pg_class.relname = %(table_name)s AND pg_catalog.pg_class.relkind = ANY (ARRAY[%(param_1)s, %(param_2)s, %(param_3)s, %(param_4)s, %(param_5)s]) AND pg_catalog.pg_table_is_visible(pg_catalog.pg_class.oid) AND pg_catalog.pg_namespace.nspname != %(nspname_1)s
2025-05-28 16:19:19,503 - sqlalchemy.engine.Engine - INFO - [generated in 0.00048s] {'table_name': 'participants', 'param_1': 'r', 'param_2': 'p', 'param_3': 'f', 'param_4': 'v', 'param_5': 'm', 'nspname_1': 'pg_catalog'}
2025-05-28 16:19:19,508 - sqlalchemy.engine.Engine - INFO - SELECT pg_catalog.pg_class.relname 
FROM pg_catalog.pg_class JOIN pg_catalog.pg_namespace ON pg_catalog.pg_namespace.oid = pg_catalog.pg_class.relnamespace 
WHERE pg_catalog.pg_class.relname = %(table_name)s AND pg_catalog.pg_class.relkind = ANY (ARRAY[%(param_1)s, %(param_2)s, %(param_3)s, %(param_4)s, %(param_5)s]) AND pg_catalog.pg_table_is_visible(pg_catalog.pg_class.oid) AND pg_catalog.pg_namespace.nspname != %(nspname_1)s
2025-05-28 16:19:19,509 - sqlalchemy.engine.Engine - INFO - [cached since 0.006306s ago] {'table_name': 'courses', 'param_1': 'r', 'param_2': 'p', 'param_3': 'f', 'param_4': 'v', 'param_5': 'm', 'nspname_1': 'pg_catalog'}
2025-05-28 16:19:19,509 - sqlalchemy.engine.Engine - INFO - SELECT pg_catalog.pg_class.relname 
FROM pg_catalog.pg_class JOIN pg_catalog.pg_namespace ON pg_catalog.pg_namespace.oid = pg_catalog.pg_class.relnamespace 
WHERE pg_catalog.pg_class.relname = %(table_name)s AND pg_catalog.pg_class.relkind = ANY (ARRAY[%(param_1)s, %(param_2)s, %(param_3)s, %(param_4)s, %(param_5)s]) AND pg_catalog.pg_table_is_visible(pg_catalog.pg_class.oid) AND pg_catalog.pg_namespace.nspname != %(nspname_1)s
2025-05-28 16:19:19,510 - sqlalchemy.engine.Engine - INFO - [cached since 0.007312s ago] {'table_name': 'modules', 'param_1': 'r', 'param_2': 'p', 'param_3': 'f', 'param_4': 'v', 'param_5': 'm', 'nspname_1': 'pg_catalog'}
2025-05-28 16:19:19,510 - sqlalchemy.engine.Engine - INFO - SELECT pg_catalog.pg_class.relname 
FROM pg_catalog.pg_class JOIN pg_catalog.pg_namespace ON pg_catalog.pg_namespace.oid = pg_catalog.pg_class.relnamespace 
WHERE pg_catalog.pg_class.relname = %(table_name)s AND pg_catalog.pg_class.relkind = ANY (ARRAY[%(param_1)s, %(param_2)s, %(param_3)s, %(param_4)s, %(param_5)s]) AND pg_catalog.pg_table_is_visible(pg_catalog.pg_class.oid) AND pg_catalog.pg_namespace.nspname != %(nspname_1)s
2025-05-28 16:19:19,511 - sqlalchemy.engine.Engine - INFO - [cached since 0.008478s ago] {'table_name': 'module_progressions', 'param_1': 'r', 'param_2': 'p', 'param_3': 'f', 'param_4': 'v', 'param_5': 'm', 'nspname_1': 'pg_catalog'}
2025-05-28 16:19:19,512 - sqlalchemy.engine.Engine - INFO - SELECT pg_catalog.pg_class.relname 
FROM pg_catalog.pg_class JOIN pg_catalog.pg_namespace ON pg_catalog.pg_namespace.oid = pg_catalog.pg_class.relnamespace 
WHERE pg_catalog.pg_class.relname = %(table_name)s AND pg_catalog.pg_class.relkind = ANY (ARRAY[%(param_1)s, %(param_2)s, %(param_3)s, %(param_4)s, %(param_5)s]) AND pg_catalog.pg_table_is_visible(pg_catalog.pg_class.oid) AND pg_catalog.pg_namespace.nspname != %(nspname_1)s
2025-05-28 16:19:19,512 - sqlalchemy.engine.Engine - INFO - [cached since 0.009437s ago] {'table_name': 'course_progressions', 'param_1': 'r', 'param_2': 'p', 'param_3': 'f', 'param_4': 'v', 'param_5': 'm', 'nspname_1': 'pg_catalog'}
2025-05-28 16:19:19,513 - sqlalchemy.engine.Engine - INFO - COMMIT
2025-05-28 16:19:19,513 - app.models.database - INFO - Database tables created successfully
2025-05-28 16:19:28,776 - httpx - INFO - HTTP Request: GET https://pro.dendreo.com/competences_et_metiers/api/laps.php?id_action_de_formation=115 "HTTP/1.1 401 Unauthorized"
2025-05-28 16:19:52,607 - watchfiles.main - INFO - 4 changes detected
2025-05-28 16:19:53,472 - watchfiles.main - INFO - 2 changes detected
2025-05-28 16:19:54,336 - watchfiles.main - INFO - 6 changes detected
2025-05-28 16:20:07,963 - watchfiles.main - INFO - 1 change detected
2025-05-28 16:20:22,971 - watchfiles.main - INFO - 1 change detected
2025-05-28 16:20:38,011 - watchfiles.main - INFO - 1 change detected
2025-05-28 16:20:53,119 - watchfiles.main - INFO - 1 change detected
2025-05-28 16:21:08,056 - watchfiles.main - INFO - 1 change detected
2025-05-28 16:21:19,369 - watchfiles.main - INFO - 1 change detected
2025-05-28 16:21:31,329 - watchfiles.main - INFO - 4 changes detected
2025-05-28 16:21:32,223 - watchfiles.main - INFO - 1 change detected
2025-05-28 16:21:33,135 - watchfiles.main - INFO - 5 changes detected
2025-05-28 16:21:33,498 - watchfiles.main - INFO - 1 change detected
2025-05-28 16:21:39,161 - watchfiles.main - INFO - 1 change detected
2025-05-28 16:21:39,673 - httpx - INFO - HTTP Request: GET https://pro.dendreo.com/competences_et_metiers/api/laps.php?key=BaBVostSCz5RTGIwszf8&id_action_de_formation=115 "HTTP/1.1 200 OK"
